python : 
위치 C:\Users\User\AppData\Local\Temp\ps-script-16ed87e2-bc56-4264-a971-b8df4aebd9e6.ps1:81 문자:31
+ ... nProject\LawChat; python scripts\simulate_target_flow.py 2>&1 | Out-F ...
+                       ~~~~~~~~~~~~~~~~~~~~~~~~~~~~~~~~~~~~~~~~~~~
    + CategoryInfo          : NotSpecified: (:String) [], RemoteException
    + FullyQualifiedErrorId : NativeCommandError
 
================================================================================
[이슈 분류 시작] 상황: 퇴직금을 받지 못했어요
================================================================================
[이슈 후보] 키워드 매칭 → ['퇴직금']
  이슈 '퇴직금' 조문 수: 15
[이슈 분류 완료] 키워드 경로 → 이슈별 조문 반환
[체크리스트 생성] 컨텍스트 길이: 2562자
[체크리스트 생성] max_tokens: 3000
[chat] API 응답 - finish_reason: length, content 타입: <class 'str'>, content is None: False
[chat] 전체 응답 객체: model=gpt-5-nano-2025-08-07, id=chatcmpl-DAXoj6vYgF78Kt9Rk60Klp7RsmFRd, usage=CompletionUsage(completi
on_tokens=3000, prompt_tokens=2206, total_tokens=5206, completion_tokens_details=CompletionTokensDetails(accepted_predi
ction_tokens=0, audio_tokens=0, reasoning_tokens=3000, rejected_prediction_tokens=0), prompt_tokens_details=PromptToken
sDetails(audio_tokens=0, cached_tokens=2048))
[chat] choice.__dict__: {'finish_reason': 'length', 'index': 0, 'logprobs': None, 'message': ChatCompletionMessage(cont
ent='', refusal=None, role='assistant', annotations=[], audio=None, function_call=None, tool_calls=None)}
[chat] API 응답이 비어있음. finish_reason: length, 원본 길이: 0, 원본 (repr): ''
[chat] 경고: finish_reason=length인데 content가 비어있음. max_completion_tokens(3000)가 너무 작거나 시스템 프롬프트가 너무 클 수 있음
[chat_json] LLM 응답이 비어있음
[체크리스트 LLM 응답] 타입: NoneType, 값: None
[체크리스트 생성 완료] 항목 0개
[chat] API 응답 - finish_reason: stop, content 타입: <class 'str'>, content is None: False
[chat] 전체 응답 객체: model=gpt-5-nano-2025-08-07, id=chatcmpl-DAXpD4okakJmCf1Y85mMtvSPbBlsm, usage=CompletionUsage(completi
on_tokens=2513, prompt_tokens=1533, total_tokens=4046, completion_tokens_details=CompletionTokensDetails(accepted_predi
ction_tokens=0, audio_tokens=0, reasoning_tokens=2304, rejected_prediction_tokens=0), prompt_tokens_details=PromptToken
sDetails(audio_tokens=0, cached_tokens=0))
============================================================
전체 시뮬레이션: 「퇴직금을 받지 못했어요」
============================================================
[1] 이슈: 퇴직금
    조문 수: 15
[2] 체크리스트: 0개
[3] 결론: 325자
============================================================
